C:\Users\rlaeh>mysql -u root -p
Enter password: ****
Welcome to the MySQL monitor.  Commands end with ; or \g.
Your MySQL connection id is 60
Server version: 8.0.25 MySQL Community Server - GPL

Copyright (c) 2000, 2021, Oracle and/or its affiliates.

Oracle is a registered trademark of Oracle Corporation and/or its
affiliates. Other names may be trademarks of their respective
owners.

Type 'help;' or '\h' for help. Type '\c' to clear the current input statement.

mysql> show tables
    -> ;
ERROR 1046 (3D000): No database selected
mysql> show databases;
+--------------------+
| Database           |
+--------------------+
| dong               |
| information_schema |
| mega               |
| mysql              |
| performance_schema |
| product            |
| sakila             |
| sys                |
| world              |
+--------------------+
9 rows in set (0.05 sec)

mysql> use mega;
Database changed
mysql> show tables;
+----------------+
| Tables_in_mega |
+----------------+
| books          |
| notes          |
+----------------+
2 rows in set (0.01 sec)

mysql> select * from books;
+---------+-----------------------------------------+--------------------------------------------------------------------------------+-------------------+-------+------------------+---------------------+
| book_id | title                                   | sub_title                                                                      | publisher         | price | publication_date | reg_date            |
+---------+-----------------------------------------+--------------------------------------------------------------------------------+-------------------+-------+------------------+---------------------+
|       1 | 비전공자를 위한 이해하기 쉬운 IT 지식   | NULL                                                                           | 최원영            | 15120 | 2020-07-14       | 2021-05-16 10:24:44 |
|       2 | 혼자 공부하는 파이썬                    | 파이썬 최신 버전 반영                                                          | 윤인성            | 16200 | 2019-06-10       | 2021-05-16 10:24:44 |
|       3 | Do it! 점프 투 파이썬                   | 이미 200만명이 이책으로 프로그래밍을 시작했다! 중학생도 ,문과생도 쉽게 배운다. | 박응용            | 16920 | 2019-06-20       | 2021-05-16 10:24:44 |
|       4 | Clean Code(클린코드)                    | 애자일 소프트웨어 장인 정신                                                    | 로버트 C, 마틴    | 29700 | 2013-12-24       | 2021-05-16 10:24:44 |
|       5 | 한 권으로 읽는 컴퓨터 구조와 프로그래밍 | 더 나은 소프트웨어 개발을 위한 하드웨어                                        | 조너선 스타인하트 | 31500 | 2021-04-08       | 2021-05-16 10:27:39 |
|       8 | 매일 신문                               | 진짜로 신문?                                                                   | 동현              | 13000 | 2021-05-23       | 2021-05-23 13:02:32 |
+---------+-----------------------------------------+--------------------------------------------------------------------------------+-------------------+-------+------------------+---------------------+
6 rows in set (0.00 sec)

mysql> desc books;
+------------------+-------------+------+-----+-------------------+-------------------+
| Field            | Type        | Null | Key | Default           | Extra             |
+------------------+-------------+------+-----+-------------------+-------------------+
| book_id          | int         | NO   | PRI | NULL              | auto_increment    |
| title            | varchar(50) | NO   |     | NULL              |                   |
| sub_title        | varchar(50) | YES  |     | NULL              |                   |
| publisher        | varchar(20) | NO   |     | NULL              |                   |
| price            | int         | NO   |     | NULL              |                   |
| publication_date | date        | NO   |     | NULL              |                   |
| reg_date         | timestamp   | NO   |     | CURRENT_TIMESTAMP | DEFAULT_GENERATED |
+------------------+-------------+------+-----+-------------------+-------------------+
7 rows in set (0.03 sec)

mysql> select * from books;
+---------+-----------------------------------------+--------------------------------------------------------------------------------+-------------------+-------+------------------+---------------------+
| book_id | title                                   | sub_title                                                                      | publisher         | price | publication_date | reg_date            |
+---------+-----------------------------------------+--------------------------------------------------------------------------------+-------------------+-------+------------------+---------------------+
|       1 | 비전공자를 위한 이해하기 쉬운 IT 지식   | NULL                                                                           | 최원영            | 15120 | 2020-07-14       | 2021-05-16 10:24:44 |
|       2 | 혼자 공부하는 파이썬                    | 파이썬 최신 버전 반영                                                          | 윤인성            | 16200 | 2019-06-10       | 2021-05-16 10:24:44 |
|       3 | Do it! 점프 투 파이썬                   | 이미 200만명이 이책으로 프로그래밍을 시작했다! 중학생도 ,문과생도 쉽게 배운다. | 박응용            | 16920 | 2019-06-20       | 2021-05-16 10:24:44 |
|       4 | Clean Code(클린코드)                    | 애자일 소프트웨어 장인 정신                                                    | 로버트 C, 마틴    | 29700 | 2013-12-24       | 2021-05-16 10:24:44 |
|       5 | 한 권으로 읽는 컴퓨터 구조와 프로그래밍 | 더 나은 소프트웨어 개발을 위한 하드웨어                                        | 조너선 스타인하트 | 31500 | 2021-04-08       | 2021-05-16 10:27:39 |
|       8 | 매일 신문                               | 진짜로 신문?                                                                   | 동현              | 13000 | 2021-05-23       | 2021-05-23 13:02:32 |
|       9 | 메타버스 새로운 기회                    | 디지털 지구, 경제와 투자의 기준이 바뀐다                                       | 김상균, 신병호    | 16920 | 2021-06-08       | 2021-05-29 12:32:02 |
+---------+-----------------------------------------+--------------------------------------------------------------------------------+-------------------+-------+------------------+---------------------+
7 rows in set (0.01 sec)

mysql> select * from books;
+---------+-----------------------------------------+--------------------------------------------------------------------------------+-------------------+-------+------------------+---------------------+
| book_id | title                                   | sub_title                                                                      | publisher         | price | publication_date | reg_date            |
+---------+-----------------------------------------+--------------------------------------------------------------------------------+-------------------+-------+------------------+---------------------+
|       1 | 수정된제목                              | 수정붸목                                                                       | 수정작가          | 10000 | 2021-05-29       | 2021-05-29 13:02:22 |
|       2 | 혼자 공부하는 파이썬                    | 파이썬 최신 버전 반영                                                          | 윤인성            | 16200 | 2019-06-10       | 2021-05-16 10:24:44 |
|       3 | Do it! 점프 투 파이썬                   | 이미 200만명이 이책으로 프로그래밍을 시작했다! 중학생도 ,문과생도 쉽게 배운다. | 박응용            | 16920 | 2019-06-20       | 2021-05-16 10:24:44 |
|       4 | Clean Code(클린코드)                    | 애자일 소프트웨어 장인 정신                                                    | 로버트 C, 마틴    | 29700 | 2013-12-24       | 2021-05-16 10:24:44 |
|       5 | 한 권으로 읽는 컴퓨터 구조와 프로그래밍 | 더 나은 소프트웨어 개발을 위한 하드웨어                                        | 조너선 스타인하트 | 31500 | 2021-04-08       | 2021-05-16 10:27:39 |
|       8 | 매일 신문                               | 진짜로 신문?                                                                   | 동현              | 13000 | 2021-05-23       | 2021-05-23 13:02:32 |
|       9 | 메타버스 새로운 기회                    | 디지털 지구, 경제와 투자의 기준이 바뀐다                                       | 김상균, 신병호    | 16920 | 2021-06-08       | 2021-05-29 12:32:02 |
+---------+-----------------------------------------+--------------------------------------------------------------------------------+-------------------+-------+------------------+---------------------+
7 rows in set (0.00 sec)
